{"gate": "STALE_DATA", "level": "INFO", "logger": "test.reproducible", "message": "signal_blocked", "symbol": "EXAMPLE", "timestamp_ist": "2026-09-03T18:48:38.386675+05:30"}
{"gate": "STALE_DATA", "level": "INFO", "logger": "test.reproducible.repeat", "message": "signal_blocked", "symbol": "EXAMPLE", "timestamp_ist": "2026-09-03T18:48:38.387566+05:30"}
{"gate": "STALE_DATA", "level": "INFO", "logger": "test.reproducible.repeat", "message": "signal_blocked", "symbol": "EXAMPLE", "timestamp_ist": "2026-09-03T18:48:38.387630+05:30"}
{"level": "WARNING", "logger": "data.historical_csv", "message": "historical_csv_file_missing", "path": "/tmp/pytest-of-root/pytest-0/test_missing_file_returns_empt0/NSE/NOPE_5min.csv", "timestamp_ist": "2026-09-03T18:48:38.392436+05:30"}
{"level": "WARNING", "logger": "data.historical_csv", "message": "historical_csv_file_missing", "path": "/tmp/pytest-of-root/pytest-0/test_missing_file_returns_empt0/NSE/NOPE_5min.csv", "timestamp_ist": "2026-09-03T18:48:38.392580+05:30"}
{"level": "WARNING", "logger": "data.historical_csv", "message": "historical_csv_row_discarded", "path": "/tmp/pytest-of-root/pytest-0/test_malformed_row_discarded_n0/NSE/INFY_5min.csv", "reason": "could not convert string to float: 'ADJUSTED'", "row_num": 3, "timestamp_ist": "2026-09-03T18:48:38.394060+05:30"}
{"level": "WARNING", "logger": "data.historical_csv", "message": "historical_csv_row_discarded", "path": "/tmp/pytest-of-root/pytest-0/test_malformed_row_discarded_n0/NSE/INFY_5min.csv", "reason": "could not convert string to float: 'ADJUSTED'", "row_num": 3, "timestamp_ist": "2026-09-03T18:48:38.394285+05:30"}
{"gate": "STALE_DATA", "level": "INFO", "logger": "test.reproducible", "message": "signal_blocked", "symbol": "EXAMPLE", "timestamp_ist": "2026-09-03T18:49:11.199317+05:30"}
{"gate": "STALE_DATA", "level": "INFO", "logger": "test.reproducible.repeat", "message": "signal_blocked", "symbol": "EXAMPLE", "timestamp_ist": "2026-09-03T18:49:11.200098+05:30"}
{"gate": "STALE_DATA", "level": "INFO", "logger": "test.reproducible.repeat", "message": "signal_blocked", "symbol": "EXAMPLE", "timestamp_ist": "2026-09-03T18:49:11.200177+05:30"}
{"level": "WARNING", "logger": "data.historical_csv", "message": "historical_csv_file_missing", "path": "/tmp/pytest-of-root/pytest-1/test_missing_file_returns_empt0/NSE/NOPE_5min.csv", "timestamp_ist": "2026-09-03T18:49:11.204167+05:30"}
{"level": "WARNING", "logger": "data.historical_csv", "message": "historical_csv_file_missing", "path": "/tmp/pytest-of-root/pytest-1/test_missing_file_returns_empt0/NSE/NOPE_5min.csv", "timestamp_ist": "2026-09-03T18:49:11.204320+05:30"}
{"level": "WARNING", "logger": "data.historical_csv", "message": "historical_csv_row_discarded", "path": "/tmp/pytest-of-root/pytest-1/test_malformed_row_discarded_n0/NSE/INFY_5min.csv", "reason": "could not convert string to float: 'ADJUSTED'", "row_num": 3, "timestamp_ist": "2026-09-03T18:49:11.205594+05:30"}
{"level": "WARNING", "logger": "data.historical_csv", "message": "historical_csv_row_discarded", "path": "/tmp/pytest-of-root/pytest-1/test_malformed_row_discarded_n0/NSE/INFY_5min.csv", "reason": "could not convert string to float: 'ADJUSTED'", "row_num": 3, "timestamp_ist": "2026-09-03T18:49:11.205810+05:30"}
{"gate": "STALE_DATA", "level": "INFO", "logger": "test.reproducible", "message": "signal_blocked", "symbol": "EXAMPLE", "timestamp_ist": "2026-09-03T18:52:59.719263+05:30"}
{"gate": "STALE_DATA", "level": "INFO", "logger": "test.reproducible.repeat", "message": "signal_blocked", "symbol": "EXAMPLE", "timestamp_ist": "2026-09-03T18:52:59.720094+05:30"}
{"gate": "STALE_DATA", "level": "INFO", "logger": "test.reproducible.repeat", "message": "signal_blocked", "symbol": "EXAMPLE", "timestamp_ist": "2026-09-03T18:52:59.720164+05:30"}
{"level": "WARNING", "logger": "data.historical_csv", "message": "historical_csv_file_missing", "path": "/tmp/pytest-of-root/pytest-2/test_missing_file_returns_empt0/NSE/NOPE_5min.csv", "timestamp_ist": "2026-09-03T18:52:59.725288+05:30"}
{"level": "WARNING", "logger": "data.historical_csv", "message": "historical_csv_file_missing", "path": "/tmp/pytest-of-root/pytest-2/test_missing_file_returns_empt0/NSE/NOPE_5min.csv", "timestamp_ist": "2026-09-03T18:52:59.725476+05:30"}
{"level": "WARNING", "logger": "data.historical_csv", "message": "historical_csv_row_discarded", "path": "/tmp/pytest-of-root/pytest-2/test_malformed_row_discarded_n0/NSE/INFY_5min.csv", "reason": "could not convert string to float: 'ADJUSTED'", "row_num": 3, "timestamp_ist": "2026-09-03T18:52:59.727711+05:30"}
{"level": "WARNING", "logger": "data.historical_csv", "message": "historical_csv_row_discarded", "path": "/tmp/pytest-of-root/pytest-2/test_malformed_row_discarded_n0/NSE/INFY_5min.csv", "reason": "could not convert string to float: 'ADJUSTED'", "row_num": 3, "timestamp_ist": "2026-09-03T18:52:59.728224+05:30"}
{"exchange": "NSE", "instrument_count": 2, "level": "INFO", "logger": "data.zerodha_kite", "message": "instrument_cache_loaded", "timestamp_ist": "2026-09-03T18:52:59.729316+05:30"}
{"exchange": "NSE", "instrument_count": 2, "level": "INFO", "logger": "data.zerodha_kite", "message": "instrument_cache_loaded", "timestamp_ist": "2026-09-03T18:52:59.730112+05:30"}
{"exchange": "NSE", "instrument_count": 2, "level": "INFO", "logger": "data.zerodha_kite", "message": "instrument_cache_loaded", "timestamp_ist": "2026-09-03T18:52:59.730749+05:30"}
{"exchange": "NSE", "instrument_count": 2, "level": "INFO", "logger": "data.zerodha_kite", "message": "instrument_cache_loaded", "timestamp_ist": "2026-09-03T18:52:59.731493+05:30"}
{"exchange": "NSE", "instrument_count": 2, "level": "INFO", "logger": "data.zerodha_kite", "message": "instrument_cache_loaded", "timestamp_ist": "2026-09-03T18:52:59.732622+05:30"}
{"gate": "STALE_DATA", "level": "INFO", "logger": "test.reproducible", "message": "signal_blocked", "symbol": "EXAMPLE", "timestamp_ist": "2026-09-03T18:53:12.971126+05:30"}
{"gate": "STALE_DATA", "level": "INFO", "logger": "test.reproducible.repeat", "message": "signal_blocked", "symbol": "EXAMPLE", "timestamp_ist": "2026-09-03T18:53:12.971967+05:30"}
{"gate": "STALE_DATA", "level": "INFO", "logger": "test.reproducible.repeat", "message": "signal_blocked", "symbol": "EXAMPLE", "timestamp_ist": "2026-09-03T18:53:12.972037+05:30"}
{"level": "WARNING", "logger": "data.historical_csv", "message": "historical_csv_file_missing", "path": "/tmp/pytest-of-root/pytest-3/test_missing_file_returns_empt0/NSE/NOPE_5min.csv", "timestamp_ist": "2026-09-03T18:53:12.976426+05:30"}
{"level": "WARNING", "logger": "data.historical_csv", "message": "historical_csv_file_missing", "path": "/tmp/pytest-of-root/pytest-3/test_missing_file_returns_empt0/NSE/NOPE_5min.csv", "timestamp_ist": "2026-09-03T18:53:12.976572+05:30"}
{"level": "WARNING", "logger": "data.historical_csv", "message": "historical_csv_row_discarded", "path": "/tmp/pytest-of-root/pytest-3/test_malformed_row_discarded_n0/NSE/INFY_5min.csv", "reason": "could not convert string to float: 'ADJUSTED'", "row_num": 3, "timestamp_ist": "2026-09-03T18:53:12.977917+05:30"}
{"level": "WARNING", "logger": "data.historical_csv", "message": "historical_csv_row_discarded", "path": "/tmp/pytest-of-root/pytest-3/test_malformed_row_discarded_n0/NSE/INFY_5min.csv", "reason": "could not convert string to float: 'ADJUSTED'", "row_num": 3, "timestamp_ist": "2026-09-03T18:53:12.978132+05:30"}
{"exchange": "NSE", "instrument_count": 2, "level": "INFO", "logger": "data.zerodha_kite", "message": "instrument_cache_loaded", "timestamp_ist": "2026-09-03T18:53:12.979054+05:30"}
{"exchange": "NSE", "instrument_count": 2, "level": "INFO", "logger": "data.zerodha_kite", "message": "instrument_cache_loaded", "timestamp_ist": "2026-09-03T18:53:12.979700+05:30"}
{"exchange": "NSE", "instrument_count": 2, "level": "INFO", "logger": "data.zerodha_kite", "message": "instrument_cache_loaded", "timestamp_ist": "2026-09-03T18:53:12.980375+05:30"}
{"exchange": "NSE", "instrument_count": 2, "level": "INFO", "logger": "data.zerodha_kite", "message": "instrument_cache_loaded", "timestamp_ist": "2026-09-03T18:53:12.981077+05:30"}
{"exchange": "NSE", "instrument_count": 2, "level": "INFO", "logger": "data.zerodha_kite", "message": "instrument_cache_loaded", "timestamp_ist": "2026-09-03T18:53:12.981959+05:30"}
{"gate": "STALE_DATA", "level": "INFO", "logger": "test.reproducible", "message": "signal_blocked", "symbol": "EXAMPLE", "timestamp_ist": "2026-09-03T18:53:31.565983+05:30"}
{"gate": "STALE_DATA", "level": "INFO", "logger": "test.reproducible.repeat", "message": "signal_blocked", "symbol": "EXAMPLE", "timestamp_ist": "2026-09-03T18:53:31.566822+05:30"}
{"gate": "STALE_DATA", "level": "INFO", "logger": "test.reproducible.repeat", "message": "signal_blocked", "symbol": "EXAMPLE", "timestamp_ist": "2026-09-03T18:53:31.566960+05:30"}
{"level": "WARNING", "logger": "data.historical_csv", "message": "historical_csv_file_missing", "path": "/tmp/pytest-of-root/pytest-4/test_missing_file_returns_empt0/NSE/NOPE_5min.csv", "timestamp_ist": "2026-09-03T18:53:31.571251+05:30"}
{"level": "WARNING", "logger": "data.historical_csv", "message": "historical_csv_file_missing", "path": "/tmp/pytest-of-root/pytest-4/test_missing_file_returns_empt0/NSE/NOPE_5min.csv", "timestamp_ist": "2026-09-03T18:53:31.571420+05:30"}
{"level": "WARNING", "logger": "data.historical_csv", "message": "historical_csv_row_discarded", "path": "/tmp/pytest-of-root/pytest-4/test_malformed_row_discarded_n0/NSE/INFY_5min.csv", "reason": "could not convert string to float: 'ADJUSTED'", "row_num": 3, "timestamp_ist": "2026-09-03T18:53:31.572844+05:30"}
{"level": "WARNING", "logger": "data.historical_csv", "message": "historical_csv_row_discarded", "path": "/tmp/pytest-of-root/pytest-4/test_malformed_row_discarded_n0/NSE/INFY_5min.csv", "reason": "could not convert string to float: 'ADJUSTED'", "row_num": 3, "timestamp_ist": "2026-09-03T18:53:31.573192+05:30"}
{"exchange": "NSE", "instrument_count": 2, "level": "INFO", "logger": "data.zerodha_kite", "message": "instrument_cache_loaded", "timestamp_ist": "2026-09-03T18:53:31.574390+05:30"}
{"exchange": "NSE", "instrument_count": 2, "level": "INFO", "logger": "data.zerodha_kite", "message": "instrument_cache_loaded", "timestamp_ist": "2026-09-03T18:53:31.575236+05:30"}
{"exchange": "NSE", "instrument_count": 2, "level": "INFO", "logger": "data.zerodha_kite", "message": "instrument_cache_loaded", "timestamp_ist": "2026-09-03T18:53:31.576689+05:30"}
{"exchange": "NSE", "instrument_count": 2, "level": "INFO", "logger": "data.zerodha_kite", "message": "instrument_cache_loaded", "timestamp_ist": "2026-09-03T18:53:31.577719+05:30"}
{"exchange": "NSE", "instrument_count": 2, "level": "INFO", "logger": "data.zerodha_kite", "message": "instrument_cache_loaded", "timestamp_ist": "2026-09-03T18:53:31.578597+05:30"}
{"gate": "STALE_DATA", "level": "INFO", "logger": "test.reproducible", "message": "signal_blocked", "symbol": "EXAMPLE", "timestamp_ist": "2026-09-03T23:25:59.388457+05:30"}
{"gate": "STALE_DATA", "level": "INFO", "logger": "test.reproducible.repeat", "message": "signal_blocked", "symbol": "EXAMPLE", "timestamp_ist": "2026-09-03T23:25:59.389527+05:30"}
{"gate": "STALE_DATA", "level": "INFO", "logger": "test.reproducible.repeat", "message": "signal_blocked", "symbol": "EXAMPLE", "timestamp_ist": "2026-09-03T23:25:59.389596+05:30"}
{"level": "WARNING", "logger": "data.historical_csv", "message": "historical_csv_file_missing", "path": "/tmp/pytest-of-root/pytest-5/test_missing_file_returns_empt0/NSE/NOPE_5min.csv", "timestamp_ist": "2026-09-03T23:25:59.399507+05:30"}
{"level": "WARNING", "logger": "data.historical_csv", "message": "historical_csv_file_missing", "path": "/tmp/pytest-of-root/pytest-5/test_missing_file_returns_empt0/NSE/NOPE_5min.csv", "timestamp_ist": "2026-09-03T23:25:59.399661+05:30"}
{"level": "WARNING", "logger": "data.historical_csv", "message": "historical_csv_row_discarded", "path": "/tmp/pytest-of-root/pytest-5/test_malformed_row_discarded_n0/NSE/INFY_5min.csv", "reason": "could not convert string to float: 'ADJUSTED'", "row_num": 3, "timestamp_ist": "2026-09-03T23:25:59.401070+05:30"}
{"level": "WARNING", "logger": "data.historical_csv", "message": "historical_csv_row_discarded", "path": "/tmp/pytest-of-root/pytest-5/test_malformed_row_discarded_n0/NSE/INFY_5min.csv", "reason": "could not convert string to float: 'ADJUSTED'", "row_num": 3, "timestamp_ist": "2026-09-03T23:25:59.401273+05:30"}
{"exchange": "NSE", "instrument_count": 2, "level": "INFO", "logger": "data.zerodha_kite", "message": "instrument_cache_loaded", "timestamp_ist": "2026-09-03T23:25:59.422877+05:30"}
{"exchange": "NSE", "instrument_count": 2, "level": "INFO", "logger": "data.zerodha_kite", "message": "instrument_cache_loaded", "timestamp_ist": "2026-09-03T23:25:59.423627+05:30"}
{"exchange": "NSE", "instrument_count": 2, "level": "INFO", "logger": "data.zerodha_kite", "message": "instrument_cache_loaded", "timestamp_ist": "2026-09-03T23:25:59.424243+05:30"}
{"exchange": "NSE", "instrument_count": 2, "level": "INFO", "logger": "data.zerodha_kite", "message": "instrument_cache_loaded", "timestamp_ist": "2026-09-03T23:25:59.424907+05:30"}
{"exchange": "NSE", "instrument_count": 2, "level": "INFO", "logger": "data.zerodha_kite", "message": "instrument_cache_loaded", "timestamp_ist": "2026-09-03T23:25:59.425568+05:30"}
{"gate": "STALE_DATA", "level": "INFO", "logger": "test.reproducible", "message": "signal_blocked", "symbol": "EXAMPLE", "timestamp_ist": "2026-09-03T23:26:15.315561+05:30"}
{"gate": "STALE_DATA", "level": "INFO", "logger": "test.reproducible.repeat", "message": "signal_blocked", "symbol": "EXAMPLE", "timestamp_ist": "2026-09-03T23:26:15.316362+05:30"}
{"gate": "STALE_DATA", "level": "INFO", "logger": "test.reproducible.repeat", "message": "signal_blocked", "symbol": "EXAMPLE", "timestamp_ist": "2026-09-03T23:26:15.316477+05:30"}
{"level": "WARNING", "logger": "data.historical_csv", "message": "historical_csv_file_missing", "path": "/tmp/pytest-of-root/pytest-6/test_missing_file_returns_empt0/NSE/NOPE_5min.csv", "timestamp_ist": "2026-09-03T23:26:15.324763+05:30"}
{"level": "WARNING", "logger": "data.historical_csv", "message": "historical_csv_file_missing", "path": "/tmp/pytest-of-root/pytest-6/test_missing_file_returns_empt0/NSE/NOPE_5min.csv", "timestamp_ist": "2026-09-03T23:26:15.324924+05:30"}
{"level": "WARNING", "logger": "data.historical_csv", "message": "historical_csv_row_discarded", "path": "/tmp/pytest-of-root/pytest-6/test_malformed_row_discarded_n0/NSE/INFY_5min.csv", "reason": "could not convert string to float: 'ADJUSTED'", "row_num": 3, "timestamp_ist": "2026-09-03T23:26:15.326530+05:30"}
{"level": "WARNING", "logger": "data.historical_csv", "message": "historical_csv_row_discarded", "path": "/tmp/pytest-of-root/pytest-6/test_malformed_row_discarded_n0/NSE/INFY_5min.csv", "reason": "could not convert string to float: 'ADJUSTED'", "row_num": 3, "timestamp_ist": "2026-09-03T23:26:15.326737+05:30"}
{"exchange": "NSE", "instrument_count": 2, "level": "INFO", "logger": "data.zerodha_kite", "message": "instrument_cache_loaded", "timestamp_ist": "2026-09-03T23:26:15.336933+05:30"}
{"exchange": "NSE", "instrument_count": 2, "level": "INFO", "logger": "data.zerodha_kite", "message": "instrument_cache_loaded", "timestamp_ist": "2026-09-03T23:26:15.337578+05:30"}
{"exchange": "NSE", "instrument_count": 2, "level": "INFO", "logger": "data.zerodha_kite", "message": "instrument_cache_loaded", "timestamp_ist": "2026-09-03T23:26:15.338324+05:30"}
{"exchange": "NSE", "instrument_count": 2, "level": "INFO", "logger": "data.zerodha_kite", "message": "instrument_cache_loaded", "timestamp_ist": "2026-09-03T23:26:15.339022+05:30"}
{"exchange": "NSE", "instrument_count": 2, "level": "INFO", "logger": "data.zerodha_kite", "message": "instrument_cache_loaded", "timestamp_ist": "2026-09-03T23:26:15.339724+05:30"}
